This is pdfTeX, Version 3.141592653-2.6-1.40.25 (TeX Live 2023/Debian) (preloaded format=pdflatex 2025.8.25)  23 OCT 2025 15:23
entering extended mode
 restricted \write18 enabled.
 file:line:error style messages enabled.
 %&-line parsing enabled.
**/home/smion/Bierpongbuch/englisch.tex
(/home/smion/Bierpongbuch/englisch.tex
LaTeX2e <2023-11-01> patch level 1
L3 programming layer <2024-01-22>
(/usr/share/texlive/texmf-dist/tex/latex/base/book.cls
Document Class: book 2023/05/17 v1.4n Standard LaTeX document class
(/usr/share/texlive/texmf-dist/tex/latex/base/bk12.clo
File: bk12.clo 2023/05/17 v1.4n Standard LaTeX file (size option)
)
\c@part=\count187
\c@chapter=\count188
\c@section=\count189
\c@subsection=\count190
\c@subsubsection=\count191
\c@paragraph=\count192
\c@subparagraph=\count193
\c@figure=\count194
\c@table=\count195
\abovecaptionskip=\skip48
\belowcaptionskip=\skip49
\bibindent=\dimen140
) (/usr/share/texlive/texmf-dist/tex/latex/geometry/geometry.sty
Package: geometry 2020/01/02 v5.9 Page Geometry
 (/usr/share/texlive/texmf-dist/tex/latex/graphics/keyval.sty
Package: keyval 2022/05/29 v1.15 key=value parser (DPC)
\KV@toks@=\toks17
) (/usr/share/texlive/texmf-dist/tex/generic/iftex/ifvtex.sty
Package: ifvtex 2019/10/25 v1.7 ifvtex legacy package. Use iftex instead.
 (/usr/share/texlive/texmf-dist/tex/generic/iftex/iftex.sty
Package: iftex 2022/02/03 v1.0f TeX engine tests
))
\Gm@cnth=\count196
\Gm@cntv=\count197
\c@Gm@tempcnt=\count198
\Gm@bindingoffset=\dimen141
\Gm@wd@mp=\dimen142
\Gm@odd@mp=\dimen143
\Gm@even@mp=\dimen144
\Gm@layoutwidth=\dimen145
\Gm@layoutheight=\dimen146
\Gm@layouthoffset=\dimen147
\Gm@layoutvoffset=\dimen148
\Gm@dimlist=\toks18
) (/usr/share/texlive/texmf-dist/tex/latex/tools/enumerate.sty
Package: enumerate 2023/07/04 v3.00 enumerate extensions (DPC)
\@enLab=\toks19
) (/usr/share/texlive/texmf-dist/tex/latex/graphics/graphicx.sty
Package: graphicx 2021/09/16 v1.2d Enhanced LaTeX Graphics (DPC,SPQR)
 (/usr/share/texlive/texmf-dist/tex/latex/graphics/graphics.sty
Package: graphics 2022/03/10 v1.4e Standard LaTeX Graphics (DPC,SPQR)
 (/usr/share/texlive/texmf-dist/tex/latex/graphics/trig.sty
Package: trig 2021/08/11 v1.11 sin cos tan (DPC)
) (/usr/share/texlive/texmf-dist/tex/latex/graphics-cfg/graphics.cfg
File: graphics.cfg 2016/06/04 v1.11 sample graphics configuration
)
Package graphics Info: Driver file: pdftex.def on input line 107.
 (/usr/share/texlive/texmf-dist/tex/latex/graphics-def/pdftex.def
File: pdftex.def 2022/09/22 v1.2b Graphics/color driver for pdftex
))
\Gin@req@height=\dimen149
\Gin@req@width=\dimen150
) (/usr/share/texlive/texmf-dist/tex/latex/caption/caption.sty
Package: caption 2023/08/05 v3.6o Customizing captions (AR)
 (/usr/share/texlive/texmf-dist/tex/latex/caption/caption3.sty
Package: caption3 2023/07/31 v2.4d caption3 kernel (AR)
\caption@tempdima=\dimen151
\captionmargin=\dimen152
\caption@leftmargin=\dimen153
\caption@rightmargin=\dimen154
\caption@width=\dimen155
\caption@indent=\dimen156
\caption@parindent=\dimen157
\caption@hangindent=\dimen158
Package caption Info: Standard document class detected.
)
\c@caption@flags=\count199
\c@continuedfloat=\count266
) (/usr/share/texlive/texmf-dist/tex/latex/caption/subcaption.sty
Package: subcaption 2023/07/28 v1.6b Sub-captions (AR)
Package caption Info: New subtype `subfigure' on input line 238.
\c@subfigure=\count267
Package caption Info: New subtype `subtable' on input line 238.
\c@subtable=\count268
) (/usr/share/texlive/texmf-dist/tex/latex/hyperref/hyperref.sty
Package: hyperref 2024-01-20 v7.01h Hypertext links for LaTeX
 (/usr/share/texlive/texmf-dist/tex/latex/kvsetkeys/kvsetkeys.sty
Package: kvsetkeys 2022-10-05 v1.19 Key value parser (HO)
) (/usr/share/texlive/texmf-dist/tex/generic/kvdefinekeys/kvdefinekeys.sty
Package: kvdefinekeys 2019-12-19 v1.6 Define keys (HO)
) (/usr/share/texlive/texmf-dist/tex/generic/pdfescape/pdfescape.sty
Package: pdfescape 2019/12/09 v1.15 Implements pdfTeX's escape features (HO)
 (/usr/share/texlive/texmf-dist/tex/generic/ltxcmds/ltxcmds.sty
Package: ltxcmds 2023-12-04 v1.26 LaTeX kernel commands for general use (HO)
) (/usr/share/texlive/texmf-dist/tex/generic/pdftexcmds/pdftexcmds.sty
Package: pdftexcmds 2020-06-27 v0.33 Utility functions of pdfTeX for LuaTeX (HO)
 (/usr/share/texlive/texmf-dist/tex/generic/infwarerr/infwarerr.sty
Package: infwarerr 2019/12/03 v1.5 Providing info/warning/error messages (HO)
)
Package pdftexcmds Info: \pdf@primitive is available.
Package pdftexcmds Info: \pdf@ifprimitive is available.
Package pdftexcmds Info: \pdfdraftmode found.
)) (/usr/share/texlive/texmf-dist/tex/latex/hycolor/hycolor.sty
Package: hycolor 2020-01-27 v1.10 Color options for hyperref/bookmark (HO)
) (/usr/share/texlive/texmf-dist/tex/latex/auxhook/auxhook.sty
Package: auxhook 2019-12-17 v1.6 Hooks for auxiliary files (HO)
) (/usr/share/texlive/texmf-dist/tex/latex/hyperref/nameref.sty
Package: nameref 2023-11-26 v2.56 Cross-referencing by name of section
 (/usr/share/texlive/texmf-dist/tex/latex/refcount/refcount.sty
Package: refcount 2019/12/15 v3.6 Data extraction from label references (HO)
) (/usr/share/texlive/texmf-dist/tex/generic/gettitlestring/gettitlestring.sty
Package: gettitlestring 2019/12/15 v1.6 Cleanup title references (HO)
 (/usr/share/texlive/texmf-dist/tex/latex/kvoptions/kvoptions.sty
Package: kvoptions 2022-06-15 v3.15 Key value format for package options (HO)
))
\c@section@level=\count269
) (/usr/share/texlive/texmf-dist/tex/latex/etoolbox/etoolbox.sty
Package: etoolbox 2020/10/05 v2.5k e-TeX tools for LaTeX (JAW)
\etb@tempcnta=\count270
)
\@linkdim=\dimen159
\Hy@linkcounter=\count271
\Hy@pagecounter=\count272
 (/usr/share/texlive/texmf-dist/tex/latex/hyperref/pd1enc.def
File: pd1enc.def 2024-01-20 v7.01h Hyperref: PDFDocEncoding definition (HO)
Now handling font encoding PD1 ...
... no UTF-8 mapping file for font encoding PD1
) (/usr/share/texlive/texmf-dist/tex/generic/intcalc/intcalc.sty
Package: intcalc 2019/12/15 v1.3 Expandable calculations with integers (HO)
)
\Hy@SavedSpaceFactor=\count273
 (/usr/share/texlive/texmf-dist/tex/latex/hyperref/puenc.def
File: puenc.def 2024-01-20 v7.01h Hyperref: PDF Unicode definition (HO)
Now handling font encoding PU ...
... no UTF-8 mapping file for font encoding PU
)
Package hyperref Info: Hyper figures OFF on input line 4179.
Package hyperref Info: Link nesting OFF on input line 4184.
Package hyperref Info: Hyper index ON on input line 4187.
Package hyperref Info: Plain pages OFF on input line 4194.
Package hyperref Info: Backreferencing OFF on input line 4199.
Package hyperref Info: Implicit mode ON; LaTeX internals redefined.
Package hyperref Info: Bookmarks ON on input line 4446.
\c@Hy@tempcnt=\count274
 (/usr/share/texlive/texmf-dist/tex/latex/url/url.sty
\Urlmuskip=\muskip16
Package: url 2013/09/16  ver 3.4  Verb mode for urls, etc.
)
LaTeX Info: Redefining \url on input line 4784.
\XeTeXLinkMargin=\dimen160
 (/usr/share/texlive/texmf-dist/tex/generic/bitset/bitset.sty
Package: bitset 2019/12/09 v1.3 Handle bit-vector datatype (HO)
 (/usr/share/texlive/texmf-dist/tex/generic/bigintcalc/bigintcalc.sty
Package: bigintcalc 2019/12/15 v1.5 Expandable calculations on big integers (HO)
))
\Fld@menulength=\count275
\Field@Width=\dimen161
\Fld@charsize=\dimen162
Package hyperref Info: Hyper figures OFF on input line 6063.
Package hyperref Info: Link nesting OFF on input line 6068.
Package hyperref Info: Hyper index ON on input line 6071.
Package hyperref Info: backreferencing OFF on input line 6078.
Package hyperref Info: Link coloring OFF on input line 6083.
Package hyperref Info: Link coloring with OCG OFF on input line 6088.
Package hyperref Info: PDF/A mode OFF on input line 6093.
 (/usr/share/texlive/texmf-dist/tex/latex/base/atbegshi-ltx.sty
Package: atbegshi-ltx 2021/01/10 v1.0c Emulation of the original atbegshi
package with kernel methods
)
\Hy@abspage=\count276
\c@Item=\count277
\c@Hfootnote=\count278
)
Package hyperref Info: Driver (autodetected): hpdftex.
 (/usr/share/texlive/texmf-dist/tex/latex/hyperref/hpdftex.def
File: hpdftex.def 2024-01-20 v7.01h Hyperref driver for pdfTeX
 (/usr/share/texlive/texmf-dist/tex/latex/base/atveryend-ltx.sty
Package: atveryend-ltx 2020/08/19 v1.0a Emulation of the original atveryend package
with kernel methods
)
\Fld@listcount=\count279
\c@bookmark@seq@number=\count280
 (/usr/share/texlive/texmf-dist/tex/latex/rerunfilecheck/rerunfilecheck.sty
Package: rerunfilecheck 2022-07-10 v1.10 Rerun checks for auxiliary files (HO)
 (/usr/share/texlive/texmf-dist/tex/generic/uniquecounter/uniquecounter.sty
Package: uniquecounter 2019/12/15 v1.4 Provide unlimited unique counter (HO)
)
Package uniquecounter Info: New unique counter `rerunfilecheck' on input line 285.
)
\Hy@SectionHShift=\skip50
) (/usr/share/texlive/texmf-dist/tex/latex/anyfontsize/anyfontsize.sty
Package: anyfontsize 2007/11/22 anyfontsize.sty by pts
) (/usr/share/texlive/texmf-dist/tex/latex/base/textcomp.sty
Package: textcomp 2020/02/02 v2.0n Standard LaTeX package
) (/usr/share/texlive/texmf-dist/tex/latex/l3backend/l3backend-pdftex.def
File: l3backend-pdftex.def 2024-01-04 L3 backend support: PDF output (pdfTeX)
\l__color_backend_stack_int=\count281
\l__pdf_internal_box=\box51
) (./englisch.aux)
\openout1 = `englisch.aux'.

LaTeX Font Info:    Checking defaults for OML/cmm/m/it on input line 41.
LaTeX Font Info:    ... okay on input line 41.
LaTeX Font Info:    Checking defaults for OMS/cmsy/m/n on input line 41.
LaTeX Font Info:    ... okay on input line 41.
LaTeX Font Info:    Checking defaults for OT1/cmr/m/n on input line 41.
LaTeX Font Info:    ... okay on input line 41.
LaTeX Font Info:    Checking defaults for T1/cmr/m/n on input line 41.
LaTeX Font Info:    ... okay on input line 41.
LaTeX Font Info:    Checking defaults for TS1/cmr/m/n on input line 41.
LaTeX Font Info:    ... okay on input line 41.
LaTeX Font Info:    Checking defaults for OMX/cmex/m/n on input line 41.
LaTeX Font Info:    ... okay on input line 41.
LaTeX Font Info:    Checking defaults for U/cmr/m/n on input line 41.
LaTeX Font Info:    ... okay on input line 41.
LaTeX Font Info:    Checking defaults for PD1/pdf/m/n on input line 41.
LaTeX Font Info:    ... okay on input line 41.
LaTeX Font Info:    Checking defaults for PU/pdf/m/n on input line 41.
LaTeX Font Info:    ... okay on input line 41.

*geometry* driver: auto-detecting
*geometry* detected driver: pdftex
*geometry* verbose mode - [ preamble ] result:
* driver: pdftex
* paper: a5paper
* layout: <same size as paper>
* layoutoffset:(h,v)=(0.0pt,0.0pt)
* modes: twoside 
* h-part:(L,W,R)=(52.80832pt, 289.07999pt, 79.21248pt)
* v-part:(T,H,B)=(94.46313pt, 361.34999pt, 141.69475pt)
* \paperwidth=421.10078pt
* \paperheight=597.50787pt
* \textwidth=289.07999pt
* \textheight=361.34999pt
* \oddsidemargin=-19.46167pt
* \evensidemargin=6.94249pt
* \topmargin=-9.68065pt
* \headheight=12.0pt
* \headsep=19.8738pt
* \topskip=12.0pt
* \footskip=30.0pt
* \marginparwidth=51.0pt
* \marginparsep=7.0pt
* \columnsep=10.0pt
* \skip\footins=10.8pt plus 4.0pt minus 2.0pt
* \hoffset=0.0pt
* \voffset=0.0pt
* \mag=1000
* \@twocolumnfalse
* \@twosidetrue
* \@mparswitchtrue
* \@reversemarginfalse
* (1in=72.27pt=25.4mm, 1cm=28.453pt)

(/usr/share/texlive/texmf-dist/tex/context/base/mkii/supp-pdf.mkii
[Loading MPS to PDF converter (version 2006.09.02).]
\scratchcounter=\count282
\scratchdimen=\dimen163
\scratchbox=\box52
\nofMPsegments=\count283
\nofMParguments=\count284
\everyMPshowfont=\toks20
\MPscratchCnt=\count285
\MPscratchDim=\dimen164
\MPnumerator=\count286
\makeMPintoPDFobject=\count287
\everyMPtoPDFconversion=\toks21
) (/usr/share/texlive/texmf-dist/tex/latex/epstopdf-pkg/epstopdf-base.sty
Package: epstopdf-base 2020-01-24 v2.11 Base part for package epstopdf
Package epstopdf-base Info: Redefining graphics rule for `.eps' on input line 485.
 (/usr/share/texlive/texmf-dist/tex/latex/latexconfig/epstopdf-sys.cfg
File: epstopdf-sys.cfg 2010/07/13 v1.3 Configuration of (r)epstopdf for TeX Live
))
Package caption Info: Begin \AtBeginDocument code.
Package caption Info: hyperref package is loaded.
Package caption Info: End \AtBeginDocument code.
Package hyperref Info: Link coloring OFF on input line 41.
 (./englisch.out) (./englisch.out)
\@outlinefile=\write3
\openout3 = `englisch.out'.

*geometry* verbose mode - [ newgeometry ] result:
* driver: pdftex
* paper: a5paper
* layout: <same size as paper>
* layoutoffset:(h,v)=(0.0pt,0.0pt)
* modes: twoside 
* h-part:(L,W,R)=(52.80832pt, 289.07999pt, 79.21248pt)
* v-part:(T,H,B)=(170.71652pt, 361.34999pt, 65.44136pt)
* \paperwidth=421.10078pt
* \paperheight=597.50787pt
* \textwidth=289.07999pt
* \textheight=361.34999pt
* \oddsidemargin=-19.46167pt
* \evensidemargin=6.94249pt
* \topmargin=66.57274pt
* \headheight=12.0pt
* \headsep=19.8738pt
* \topskip=12.0pt
* \footskip=30.0pt
* \marginparwidth=51.0pt
* \marginparsep=7.0pt
* \columnsep=10.0pt
* \skip\footins=10.8pt plus 4.0pt minus 2.0pt
* \hoffset=0.0pt
* \voffset=0.0pt
* \mag=1000
* \@twocolumnfalse
* \@twosidetrue
* \@mparswitchtrue
* \@reversemarginfalse
* (1in=72.27pt=25.4mm, 1cm=28.453pt)

 [1



{/var/lib/texmf/fonts/map/pdftex/updmap/pdftex.map}]
pdfTeX warning (ext4): destination with the same identifier (name{page.}) has been already used, duplicate ignored
<to be read again> 
                   \relax 
l.70 \restoregeometry
                      [2{/usr/share/texmf/fonts/enc/dvips/cm-super/cm-super-ts1.enc}]
Underfull \hbox (badness 10000) in paragraph at lines 72--81

 []


Overfull \hbox (8.58359pt too wide) in paragraph at lines 72--81
\OT1/cmr/m/n/12 nec-es-sary rule changes, or sim-ply played games that pushed
 []


Underfull \vbox (badness 10000) has occurred while \output is active []


pdfTeX warning (ext4): destination with the same identifier (name{page.}) has been already used, duplicate ignored
<to be read again> 
                   \relax 
l.81 
      [3

]
pdfTeX warning (ext4): destination with the same identifier (name{page.}) has been already used, duplicate ignored
<to be read again> 
                   \relax 
l.82 \tableofcontents
                      [4] (./englisch.toc
LaTeX Font Info:    External font `cmex10' loaded for size
(Font)              <12> on input line 3.
LaTeX Font Info:    External font `cmex10' loaded for size
(Font)              <8> on input line 3.
LaTeX Font Info:    External font `cmex10' loaded for size
(Font)              <6> on input line 3.

pdfTeX warning (ext4): destination with the same identifier (name{page.}) has been already used, duplicate ignored
<to be read again> 
                   \relax 
l.15 ...ing Who Starts}{15}{subsubsection.3.2.1.4}
                                                  % [5

]
pdfTeX warning (ext4): destination with the same identifier (name{page.}) has been already used, duplicate ignored
<to be read again> 
                   \relax 
l.46 ...hing the Ball in Flight}{34}{section.4.12}
                                                  % [6])
\tf@toc=\write4
\openout4 = `englisch.toc'.


pdfTeX warning (ext4): destination with the same identifier (name{page.}) has been already used, duplicate ignored
<to be read again> 
                   \relax 
l.83 \cleardoublepage
                      [7]
pdfTeX warning (ext4): destination with the same identifier (name{page.}) has been already used, duplicate ignored
<to be read again> 
                   \relax 
l.83 \cleardoublepage
                      [8

] [1

] [2] [3

] [4

]
Chapter 1.
[5] [6]

LaTeX Warning: Reference `subsub:trickshotphase' on page 7 undefined on input line 117.

[7] [8]
Chapter 2.

Underfull \vbox (badness 1067) has occurred while \output is active []

 [9

]
<Grafiken/beerpongregeln_ohne_legende.png, id=372, 1903.11pt x 4085.2625pt>
File: Grafiken/beerpongregeln_ohne_legende.png Graphic file (type png)
<use Grafiken/beerpongregeln_ohne_legende.png>
Package pdftex.def Info: Grafiken/beerpongregeln_ohne_legende.png  used on input line 152.
(pdftex.def)             Requested size: 199.46588pt x 428.12369pt.
<Grafiken/legende.png, id=374, 1178.4025pt x 1178.4025pt>
File: Grafiken/legende.png Graphic file (type png)
<use Grafiken/legende.png>
Package pdftex.def Info: Grafiken/legende.png  used on input line 158.
(pdftex.def)             Requested size: 83.83125pt x 83.8272pt.


LaTeX Warning: Float too large for page by 110.87367pt on input line 163.

[10] [11 <./Grafiken/beerpongregeln_ohne_legende.png> <./Grafiken/legende.png>] [12

]
Chapter 3.
<Grafiken/Bierpongflowneu.png, id=392, 1268.74pt x 1276.77pt>
File: Grafiken/Bierpongflowneu.png Graphic file (type png)
<use Grafiken/Bierpongflowneu.png>
Package pdftex.def Info: Grafiken/Bierpongflowneu.png  used on input line 174.
(pdftex.def)             Requested size: 289.07999pt x 290.90398pt.

LaTeX Warning: `h' float specifier changed to `ht'.


Underfull \vbox (badness 10000) has occurred while \output is active []

 [13]
Underfull \vbox (badness 1215) has occurred while \output is active []

 [14] [15]
Underfull \vbox (badness 10000) has occurred while \output is active []

 [16]
<Grafiken/enge_muschi.png, id=417, 1469.49pt x 1399.2275pt>
File: Grafiken/enge_muschi.png Graphic file (type png)
<use Grafiken/enge_muschi.png>
Package pdftex.def Info: Grafiken/enge_muschi.png  used on input line 252.
(pdftex.def)             Requested size: 125.46237pt x 119.45584pt.
<Grafiken/stellung3.png, id=418, 1469.49pt x 1399.2275pt>
File: Grafiken/stellung3.png Graphic file (type png)
<use Grafiken/stellung3.png>
Package pdftex.def Info: Grafiken/stellung3.png  used on input line 260.
(pdftex.def)             Requested size: 125.46237pt x 119.45584pt.
<Grafiken/stellung5.png, id=419, 1469.49pt x 1399.2275pt>
File: Grafiken/stellung5.png Graphic file (type png)
<use Grafiken/stellung5.png>
Package pdftex.def Info: Grafiken/stellung5.png  used on input line 267.
(pdftex.def)             Requested size: 125.46237pt x 119.45584pt.
<Grafiken/stellung7.png, id=420, 1469.49pt x 1399.2275pt>
File: Grafiken/stellung7.png Graphic file (type png)
<use Grafiken/stellung7.png>
Package pdftex.def Info: Grafiken/stellung7.png  used on input line 273.
(pdftex.def)             Requested size: 125.46237pt x 119.45584pt.
<Grafiken/stellung8.png, id=421, 1469.49pt x 1399.2275pt>
File: Grafiken/stellung8.png Graphic file (type png)
<use Grafiken/stellung8.png>
Package pdftex.def Info: Grafiken/stellung8.png  used on input line 279.
(pdftex.def)             Requested size: 125.46237pt x 119.45584pt.


LaTeX Warning: `!h' float specifier changed to `!ht'.

<Grafiken/stellung1.png, id=422, 1469.49pt x 1399.2275pt>
File: Grafiken/stellung1.png Graphic file (type png)
<use Grafiken/stellung1.png>
Package pdftex.def Info: Grafiken/stellung1.png  used on input line 289.
(pdftex.def)             Requested size: 125.46237pt x 119.45584pt.
<Grafiken/stellung2.png, id=423, 1469.49pt x 1399.2275pt>
File: Grafiken/stellung2.png Graphic file (type png)
<use Grafiken/stellung2.png>
Package pdftex.def Info: Grafiken/stellung2.png  used on input line 296.
(pdftex.def)             Requested size: 125.46237pt x 119.45584pt.
<Grafiken/stellung4.png, id=424, 1469.49pt x 1399.2275pt>
File: Grafiken/stellung4.png Graphic file (type png)
<use Grafiken/stellung4.png>
Package pdftex.def Info: Grafiken/stellung4.png  used on input line 302.
(pdftex.def)             Requested size: 125.46237pt x 119.45584pt.
<Grafiken/stellung6.png, id=425, 1469.49pt x 1399.2275pt>
File: Grafiken/stellung6.png Graphic file (type png)
<use Grafiken/stellung6.png>
Package pdftex.def Info: Grafiken/stellung6.png  used on input line 308.
(pdftex.def)             Requested size: 125.46237pt x 119.45584pt.

LaTeX Warning: `!h' float specifier changed to `!ht'.

[17] [18]
Overfull \hbox (1.39485pt too wide) in paragraph at lines 345--346
 []\OT1/cmr/bx/n/12 (1) Start-ing Con-di-tions:[] \OT1/cmr/m/n/12 The ac-tive team has at least
 []

[19] [20]
<Grafiken/bilder.png, id=463, 1029.8475pt x 1029.8475pt>
File: Grafiken/bilder.png Graphic file (type png)
<use Grafiken/bilder.png>
Package pdftex.def Info: Grafiken/bilder.png  used on input line 389.
(pdftex.def)             Requested size: 102.99078pt x 102.99078pt.
 [21] [22 <./Grafiken/Bierpongflowneu.png>] [23 <./Grafiken/enge_muschi.png>] [24 <./Grafiken/stellung3.png> <./Grafiken/stellung5.png> <./Grafiken/stellung7.png> <./Grafiken/stellung8.png>] [25 <./Grafiken/stellung1.png> <./Grafiken/stellung2.png> <./Grafiken/stellung4.png> <./Grafiken/stellung6.png>] [26 <./Grafiken/Bilder.png>]
Chapter 4.
[27

] [28] [29] [30] [31] [32] [33] [34]
Underfull \vbox (badness 1281) has occurred while \output is active []

 [35] [36]
Overfull \hbox (2.86977pt too wide) in paragraph at lines 554--556
\OT1/cmr/m/n/12 are three types of stacks: Trick-shot Stacks, On-Fire Stacks,
 []

[37]
Underfull \vbox (badness 1924) has occurred while \output is active []

 [38] [39] [40] [41

] [42]
Appendix A.
[43

]
Overfull \hbox (2.34755pt too wide) in paragraph at lines 607--608
\OT1/cmr/m/n/12 cor-rectly called \Pref-ace," and sev-eral ad-di-tions and
 []


LaTeX Warning: Reference `sec:teameinteilung' on page 44 undefined on input line 610.

[44]

LaTeX Warning: Reference `sec:naktemeile' on page 45 undefined on input line 616.


Overfull \hbox (10.7683pt too wide) in paragraph at lines 623--624
[]\OT1/cmr/m/n/12 The On-Fire Stacks are bet-ter de-fined (Sec-tion []4.17.2[]);
 []

[45] [46]
Appendix B.
[47

] [48

] (./englisch.lof [49])
\tf@lof=\write5
\openout5 = `englisch.lof'.

 [50]
Appendix C.

Overfull \hbox (7.65675pt too wide) in paragraph at lines 630--631
\OT1/cmr/m/n/12 changes. Please de-scribe pre-cisely what should be changed,
 []


Underfull \hbox (badness 10000) in paragraph at lines 630--631

 []

[51

]
*geometry* verbose mode - [ newgeometry ] result:
* driver: pdftex
* paper: a5paper
* layout: <same size as paper>
* layoutoffset:(h,v)=(0.0pt,0.0pt)
* modes: twoside 
* h-part:(L,W,R)=(52.80832pt, 289.07999pt, 79.21248pt)
* v-part:(T,H,B)=(36.64713pt, 505.89pt, 54.97075pt)
* \paperwidth=421.10078pt
* \paperheight=597.50787pt
* \textwidth=289.07999pt
* \textheight=505.89pt
* \oddsidemargin=-19.46167pt
* \evensidemargin=6.94249pt
* \topmargin=-67.49666pt
* \headheight=12.0pt
* \headsep=19.8738pt
* \topskip=12.0pt
* \footskip=30.0pt
* \marginparwidth=51.0pt
* \marginparsep=7.0pt
* \columnsep=10.0pt
* \skip\footins=10.8pt plus 4.0pt minus 2.0pt
* \hoffset=0.0pt
* \voffset=0.0pt
* \mag=1000
* \@twocolumnfalse
* \@twosidetrue
* \@mparswitchtrue
* \@reversemarginfalse
* (1in=72.27pt=25.4mm, 1cm=28.453pt)

 [52

] [53] [54] [55] [56] [57] [58] [59] [60] [61] [62] [63] [64]
Appendix D.
<Grafiken/Bierpongregeln.png, id=725, 1029.8475pt x 1029.8475pt>
File: Grafiken/Bierpongregeln.png Graphic file (type png)
<use Grafiken/Bierpongregeln.png>
Package pdftex.def Info: Grafiken/Bierpongregeln.png  used on input line 650.
(pdftex.def)             Requested size: 102.99078pt x 102.99078pt.
<Grafiken/Elo.png, id=726, 1152.305pt x 1152.305pt>
File: Grafiken/Elo.png Graphic file (type png)
<use Grafiken/Elo.png>
Package pdftex.def Info: Grafiken/Elo.png  used on input line 655.
(pdftex.def)             Requested size: 115.23724pt x 115.23724pt.
<Grafiken/english.png, id=727, 1152.305pt x 1152.305pt>
File: Grafiken/english.png Graphic file (type png)
<use Grafiken/english.png>
Package pdftex.def Info: Grafiken/english.png  used on input line 660.
(pdftex.def)             Requested size: 115.23724pt x 115.23724pt.
<Grafiken/Bilder.png, id=728, 1029.8475pt x 1029.8475pt>
File: Grafiken/Bilder.png Graphic file (type png)
<use Grafiken/Bilder.png>
Package pdftex.def Info: Grafiken/Bilder.png  used on input line 665.
(pdftex.def)             Requested size: 102.99078pt x 102.99078pt.
[65


] [66 <./Grafiken/Bierpongregeln.png> <./Grafiken/Elo.png>] [67 <./Grafiken/english.png> <./Grafiken/Bilder.png>] (./englisch.aux)
 ***********
LaTeX2e <2023-11-01> patch level 1
L3 programming layer <2024-01-22>
 ***********


LaTeX Warning: There were undefined references.

Package rerunfilecheck Info: File `englisch.out' has not changed.
(rerunfilecheck)             Checksum: E3218D511E4E81C57336B9FD4EAD7D6D;7083.
 ) 
Here is how much of TeX's memory you used:
 10784 strings out of 474222
 174248 string characters out of 5748733
 1932975 words of memory out of 5000000
 32765 multiletter control sequences out of 15000+600000
 564606 words of font info for 57 fonts, out of 8000000 for 9000
 1141 hyphenation exceptions out of 8191
 75i,8n,79p,613b,558s stack positions out of 10000i,1000n,20000p,200000b,200000s
</usr/share/texlive/texmf-dist/fonts/type1/public/amsfonts/cm/cmbx12.pfb></usr/share/texlive/texmf-dist/fonts/type1/public/amsfonts/cm/cmmi12.pfb></usr/share/texlive/texmf-dist/fonts/type1/public/amsfonts/cm/cmr10.pfb></usr/share/texlive/texmf-dist/fonts/type1/public/amsfonts/cm/cmr12.pfb></usr/share/texlive/texmf-dist/fonts/type1/public/amsfonts/cm/cmsl12.pfb></usr/share/texlive/texmf-dist/fonts/type1/public/amsfonts/cm/cmti12.pfb></usr/share/texmf/fonts/type1/public/cm-super/sfrm1200.pfb></usr/share/texmf/fonts/type1/public/cm-super/sfrm1440.pfb>
Output written on englisch.pdf (75 pages, 46173486 bytes).
PDF statistics:
 821 PDF objects out of 1000 (max. 8388607)
 689 compressed objects within 7 object streams
 172 named destinations out of 1000 (max. 500000)
 542 words of extra memory for PDF output out of 10000 (max. 10000000)

